[OK] analysis_schemas.py û VisualizationBlock + sub-models imported

[FAIL] fusion_engine: 'charmap' codec can't encode character '\u2705' in position 14: character maps to <undefined>
[FAIL] rule_engine: 'charmap' codec can't encode character '\u2705' in position 14: character maps to <undefined>
[FAIL] ml_model: 'charmap' codec can't encode character '\u2705' in position 14: character maps to <undefined>
